Added Component: Designator=B1(tp4056)
Added Component: Designator=E1(esp32s3)
Added Component: Designator=HD1(header)
Added Component: Designator=HD2(header)
Added Component: Designator=L1(gc9a01)
Added Component: Designator=M1(max30102)
Added Component: Designator=S1(switch)
Added Pin To Net: NetName=NetB1_2 Pin=B1-2
Added Pin To Net: NetName=NetB1_3 Pin=B1-3
Added Pin To Net: NetName=NetB1_4 Pin=B1-4
Added Pin To Net: NetName=NetB1_5 Pin=B1-5
Added Pin To Net: NetName=NetE1_6 Pin=E1-6
Added Pin To Net: NetName=NetE1_7 Pin=E1-7
Added Pin To Net: NetName=NetE1_9 Pin=E1-9
Added Pin To Net: NetName=NetE1_10 Pin=E1-10
Added Pin To Net: NetName=NetE1_12 Pin=E1-12
Added Pin To Net: NetName=NetE1_13 Pin=E1-13
Added Pin To Net: NetName=NetE1_14 Pin=E1-14
Added Pin To Net: NetName=VCC Pin=E1-15
Added Pin To Net: NetName=VCC Pin=E1-16
Added Pin To Net: NetName=NetB1_3 Pin=HD1-0
Added Pin To Net: NetName=NetB1_4 Pin=HD1-1
Added Pin To Net: NetName=NetB1_2 Pin=HD2-0
Added Pin To Net: NetName=NetHD2_1 Pin=HD2-1
Added Pin To Net: NetName=VCC Pin=L1-0
Added Pin To Net: NetName=VCC Pin=L1-1
Added Pin To Net: NetName=NetE1_9 Pin=L1-2
Added Pin To Net: NetName=NetE1_10 Pin=L1-3
Added Pin To Net: NetName=VCC Pin=L1-4
Added Pin To Net: NetName=NetE1_12 Pin=L1-5
Added Pin To Net: NetName=NetE1_13 Pin=L1-6
Added Pin To Net: NetName=NetE1_14 Pin=L1-7
Added Pin To Net: NetName=NetE1_6 Pin=M1-1
Added Pin To Net: NetName=NetE1_7 Pin=M1-2
Added Pin To Net: NetName=VCC Pin=M1-4
Added Pin To Net: NetName=NetB1_5 Pin=S1-0
Added Pin To Net: NetName=NetHD2_1 Pin=S1-1
Added Member To Class: ClassName=sodonguyenly Member=Component B1 tp4056
Added Member To Class: ClassName=sodonguyenly Member=Component E1 esp32s3
Added Member To Class: ClassName=sodonguyenly Member=Component HD1 header
Added Member To Class: ClassName=sodonguyenly Member=Component HD2 header
Added Member To Class: ClassName=sodonguyenly Member=Component L1 gc9a01
Added Member To Class: ClassName=sodonguyenly Member=Component M1 max30102
Added Member To Class: ClassName=sodonguyenly Member=Component S1 switch
